
Map of Debug\pr_5.sm8 from link file Debug\pr_5.lkf - Wed Dec 04 17:56:26 2019


                               --------
                               Segments
                               --------

start 00008080 end 00008080 length     0 segment .const
start 00008083 end 000081a3 length   288 segment .text
start 00004000 end 00004000 length     0 segment .eeprom
start 00000000 end 00000000 length     0 segment .bsct
start 00000000 end 00000013 length    19 segment .ubsct
start 00000013 end 00000013 length     0 segment .bit
start 00000013 end 00000013 length     0 segment .share
start 00000100 end 00000100 length     0 segment .data
start 00000100 end 00000100 length     0 segment .bss
start 00000000 end 0000021b length   539 segment .info.
start 00000000 end 000004f8 length  1272 segment .debug
start 00008000 end 00008080 length   128 segment .const
start 00008080 end 00008083 length     3 segment .init


                               -------
                               Modules
                               -------

C:\Program Files (x86)\COSMIC\CXSTM8_EVAL\Lib\crtsi0.sm8:
start 00008083 end 000080ce length    75 section .text
start 00000100 end 00000100 length     0 section .bss
start 00000000 end 00000000 length     0 section .ubsct
start 00000000 end 00000030 length    48 section .info.

Debug\main.o:
start 000080ce end 000080d2 length     4 section .text
start 00000000 end 000000ae length   174 section .debug
start 00000030 end 0000009d length   109 section .info.

Debug\saisie.o:
start 000080d2 end 000081a2 length   208 section .text
start 00000000 end 0000000d length    13 section .ubsct
start 000000ae end 0000038d length   735 section .debug
start 0000009d end 0000010c length   111 section .info.

(C:\Program Files (x86)\COSMIC\CXSTM8_EVAL\Lib\libm0.sm8)xreg.o:
start 0000000d end 00000010 length     3 section .ubsct
start 0000010c end 0000013b length    47 section .info.

(C:\Program Files (x86)\COSMIC\CXSTM8_EVAL\Lib\libm0.sm8)yreg.o:
start 00000010 end 00000013 length     3 section .ubsct
start 0000013b end 0000016a length    47 section .info.

Debug\stm8_interrupt_vector.o:
start 000081a2 end 000081a3 length     1 section .text
start 0000038d end 000004f8 length   363 section .debug
start 0000016a end 000001e8 length   126 section .info.
start 00008000 end 00008080 length   128 section .const


                             -----------
                             Stack usage
                             -----------

Debug\main.o:
_main                  >    9   (2)

Debug\saisie.o:
_affP                       2   (2)
_affindex                   3   (3)
_getData                    3   (3)
_initPin                    2   (2)
_programme                  5   (2)
_programme5                 7   (2)
_removeP                    2   (2)

Debug\stm8_interrupt_vector.o:
f_NonHandledInterrupt  >    6   (6)

Stack size: 15


                              ---------
                              Call tree
                              ---------
   1 > __stext: (0)

   2 > _main: (2)
   3      + _programme5: (2)
   4      |    + _initPin: (2)
   5      |    + _programme: (2)
   6      |    |    + _affP: (2)
   7      |    |    + _affindex: (3)
   8      |    |    + _getData: (3)
   9      |    |    + _removeP: (2)
          |    | 
          | 
       
  10 > f_NonHandledInterrupt: (6)

  11   _affP --> 6

  12   _affindex --> 7

  13   _getData --> 8

  14   _initPin --> 4

  15   _programme --> 5

  16   _programme5 --> 3

  17   _removeP --> 9



                               -------
                               Symbols
                               -------

__endmem                000005ff   defined in command file
                                   *** not used ***
__endzp                 00000013   defined in command file section .ubsct
                                   used in C:\Program Files (x86)\COSMIC\CXSTM8_EVAL\Lib\crtsi0.sm8
__idesc__               00008080   defined in linker section .init
                                   used in C:\Program Files (x86)\COSMIC\CXSTM8_EVAL\Lib\crtsi0.sm8
__memory                00000100   defined in command file section .bss
                                   used in C:\Program Files (x86)\COSMIC\CXSTM8_EVAL\Lib\crtsi0.sm8
__stack                 000007ff   defined in command file
                                   used in C:\Program Files (x86)\COSMIC\CXSTM8_EVAL\Lib\crtsi0.sm8
__startmem              00000100   defined in command file section .bss
                                   *** not used ***
__stext                 00008083   defined in C:\Program Files (x86)\COSMIC\CXSTM8_EVAL\Lib\crtsi0.sm8 section .text
                                   used in Debug\stm8_interrupt_vector.o
__vectab                00008000   defined in Debug\stm8_interrupt_vector.o section .const
_affP                   0000818a   defined in Debug\saisie.o section .text
_affindex               00008194   defined in Debug\saisie.o section .text
_exit                   000080cc   defined in C:\Program Files (x86)\COSMIC\CXSTM8_EVAL\Lib\crtsi0.sm8 section .text
_getData                0000816a   defined in Debug\saisie.o section .text
_initPin                000080d2   defined in Debug\saisie.o section .text
_main                   000080ce   defined in Debug\main.o section .text
                                   used in C:\Program Files (x86)\COSMIC\CXSTM8_EVAL\Lib\crtsi0.sm8
_programme              0000810f   defined in Debug\saisie.o section .text
_programme5             00008163   defined in Debug\saisie.o section .text
                                   used in Debug\main.o
_removeP                0000818f   defined in Debug\saisie.o section .text
c_x                     0000000d   defined in (C:\Program Files (x86)\COSMIC\CXSTM8_EVAL\Lib\libm0.sm8)xreg.o section .ubsct
                                   used in C:\Program Files (x86)\COSMIC\CXSTM8_EVAL\Lib\crtsi0.sm8
c_y                     00000010   defined in (C:\Program Files (x86)\COSMIC\CXSTM8_EVAL\Lib\libm0.sm8)yreg.o section .ubsct
                                   used in C:\Program Files (x86)\COSMIC\CXSTM8_EVAL\Lib\crtsi0.sm8
f_NonHandledInterrupt   000081a2   defined in Debug\stm8_interrupt_vector.o section .text
